// Vitest Snapshot v1, https://vitest.dev/guide/snapshot.html

exports[`scaffold — web project: file content > matches gulpfile.js snapshot 1`] = `
"// *************************************
//
//   gulpflow v8.1.0
//
// *************************************
//
// Available tasks:
//
//   \`gulp build\`
//   \`gulp clean\`
//   \`gulp css\`
//   \`gulp default\`
//   \`gulp deploy\`
//   \`gulp html\`
//   \`gulp img\`
//   \`gulp js\`
//   \`gulp nunjucks\`
//   \`gulp prettier\`
//   \`gulp size\`
//   \`gulp static\`
//   \`gulp watch\`
//
//   \`gulp\`
//   \`gulp b\`
//   \`gulp c\`
//   \`gulp d\`
//   \`gulp w\`
//
// *************************************

import buildTask from './gulp/tasks/build.js';
import cleanTask from './gulp/tasks/clean.js';
import cssTask from './gulp/tasks/css.js';
import defaultTask from './gulp/tasks/default.js';
import deployTask from './gulp/tasks/deploy.js';
import dotEnv from 'dotenv';
import gulp from 'gulp';
import htmlTask from './gulp/tasks/html.js';
import imgTask from './gulp/tasks/img.js';
import jsTask from './gulp/tasks/js.js';
import nunjucksTask from './gulp/tasks/nunjucks.js';
import sizeTask from './gulp/tasks/size.js';
import staticTask from './gulp/tasks/static.js';
import watchTask from './gulp/tasks/watch.js';

// Load environment-specific variables
dotEnv.config();

// Define gulp tasks
gulp.task('build', buildTask);
gulp.task('clean', cleanTask);
gulp.task('css', cssTask);
gulp.task('default', defaultTask);
gulp.task('deploy', deployTask);

gulp.task('html', htmlTask);
gulp.task('img', imgTask);
gulp.task('js', jsTask);

gulp.task('nunjucks', nunjucksTask);
gulp.task('size', sizeTask);
gulp.task('static', staticTask);
gulp.task('watch', watchTask);

// Define gulp task alias
gulp.task('b', buildTask);
gulp.task('c', cleanTask);
gulp.task('d', deployTask);
gulp.task('w', watchTask);
"
`;

exports[`scaffold — web project: file content > matches package.json snapshot 1`] = `
{
  "author": {
    "email": "test@example.com",
    "name": "Test Author",
  },
  "dependencies": {
    "basiclightbox": "^5.0.4",
    "fastclick": "^1.0.6",
    "hamburgers": "^1.2.1",
    "normalize.css": "^8.0.1",
    "swiper": "^12.0.2",
  },
  "description": "A test project",
  "devDependencies": {
    "@biomejs/biome": "^2.2.4",
    "autoprefixer": "^10.4.21",
    "beeper": "^3.0.0",
    "browser-sync": "^3.0.4",
    "chalk": "^5.6.2",
    "cssnano": "^7.1.1",
    "del": "^8.0.1",
    "dotenv": "^17.2.2",
    "esbuild": "^0.25.10",
    "gulp": "^5.0.1",
    "gulp-cached": "^1.1.1",
    "gulp-changed": "^5.0.3",
    "gulp-flatmap": "^1.0.2",
    "gulp-inline-source": "^4.0.0",
    "gulp-notify": "^5.0.0",
    "gulp-nunjucks": "^6.1.0",
    "gulp-plumber": "^1.2.1",
    "gulp-postcss": "^10.0.0",
    "gulp-pxtorem": "^3.0.0",
    "gulp-rename": "^2.1.0",
    "gulp-replace": "^1.1.4",
    "gulp-sass": "^6.0.1",
    "gulp-size": "^5.0.0",
    "gulp-sourcemaps": "^3.0.0",
    "html-minifier-terser": "^7.2.0",
    "marked": "^16.3.0",
    "nunjucks": "^3.2.4",
    "nunjucks-markdown": "^2.0.1",
    "postcss": "^8.5.10",
    "sass": "^1.93.2",
    "sharp": "^0.34.0",
    "ssh2-sftp-client": "^12.0.1",
    "stylelint": "^16.24.0",
    "stylelint-config-standard": "^39.0.0",
    "stylelint-order": "^7.0.0",
    "stylelint-scss": "^6.12.1",
    "svgo": "^3.3.2",
    "through2": "^4.0.2",
  },
  "license": "MIT",
  "main": "./gulpfile.js",
  "name": "test-project",
  "overrides": {
    "lodash.template": "^4.5.0",
    "nth-check": "^2.1.1",
    "terser": "^5.0.0",
    "uuid": "^11.1.1",
  },
  "private": true,
  "scripts": {
    "check": "biome check .",
    "format": "biome format --write .",
    "lint": "biome lint .",
  },
  "type": "module",
  "version": "0.1.0",
}
`;
